\BOOKMARK [0][-]{section*.2}{\376\377\000H\000A\000L\000A\000M\000A\000N\000\040\000J\000U\000D\000U\000L}{}% 1
\BOOKMARK [0][-]{section*.4}{\376\377\000L\000E\000M\000B\000A\000R\000\040\000P\000E\000R\000S\000E\000T\000U\000J\000U\000A\000N}{}% 2
\BOOKMARK [0][-]{section*.5}{\376\377\000L\000E\000M\000B\000A\000R\000\040\000P\000E\000R\000N\000Y\000A\000T\000A\000A\000N\000\040\000O\000R\000I\000S\000I\000N\000A\000L\000I\000T\000A\000S}{}% 3
\BOOKMARK [0][-]{section*.6}{\376\377\000L\000E\000M\000B\000A\000R\000\040\000P\000E\000R\000N\000Y\000A\000T\000A\000A\000N\000\040\000P\000E\000N\000G\000G\000U\000N\000A\000A\000N\000\040\000K\000E\000C\000E\000R\000D\000A\000S\000A\000N\000\040\000A\000R\000T\000I\000F\000I\000S\000I\000A\000L}{}% 4
\BOOKMARK [0][-]{section*.7}{\376\377\000L\000E\000M\000B\000A\000R\000\040\000P\000E\000N\000G\000E\000S\000A\000H\000A\000N}{}% 5
\BOOKMARK [0][-]{section*.8}{\376\377\000K\000a\000t\000a\000\040\000P\000e\000n\000g\000a\000n\000t\000a\000r}{}% 6
\BOOKMARK [0][-]{section*.9}{\376\377\000L\000E\000M\000B\000A\000R\000\040\000P\000E\000R\000S\000E\000T\000U\000J\000U\000A\000N\000\040\000P\000U\000B\000L\000I\000K\000A\000S\000I\000\040\000I\000L\000M\000I\000A\000H}{}% 7
\BOOKMARK [0][-]{section*.10}{\376\377\000A\000B\000S\000T\000R\000A\000K}{}% 8
\BOOKMARK [0][-]{section*.11}{\376\377\000E\000X\000T\000E\000N\000D\000E\000D\000\040\000A\000B\000S\000T\000R\000A\000C\000T}{}% 9
\BOOKMARK [0][-]{section*.11}{\376\377\000E\000x\000t\000e\000n\000d\000e\000d\000\040\000A\000b\000s\000t\000r\000a\000c\000t}{}% 10
\BOOKMARK [0][-]{section*.16}{\376\377\000D\000a\000f\000t\000a\000r\000\040\000I\000s\000i}{}% 11
\BOOKMARK [0][-]{section*.17}{\376\377\000D\000a\000f\000t\000a\000r\000\040\000G\000a\000m\000b\000a\000r}{}% 12
\BOOKMARK [0][-]{section*.18}{\376\377\000D\000a\000f\000t\000a\000r\000\040\000T\000a\000b\000e\000l}{}% 13
\BOOKMARK [0][-]{chapter.1}{\376\377\0001\000\040\000P\000e\000n\000d\000a\000h\000u\000l\000u\000a\000n}{}% 14
\BOOKMARK [1][-]{section.1.1}{\376\377\0001\000.\0001\000\040\000L\000a\000t\000a\000r\000\040\000B\000e\000l\000a\000k\000a\000n\000g}{chapter.1}% 15
\BOOKMARK [1][-]{section.1.2}{\376\377\0001\000.\0002\000\040\000R\000u\000m\000u\000s\000a\000n\000\040\000P\000e\000r\000m\000a\000s\000a\000l\000a\000h\000a\000n}{chapter.1}% 16
\BOOKMARK [1][-]{section.1.3}{\376\377\0001\000.\0003\000\040\000T\000u\000j\000u\000a\000n\000\040\000P\000e\000n\000e\000l\000i\000t\000i\000a\000n}{chapter.1}% 17
\BOOKMARK [1][-]{section.1.4}{\376\377\0001\000.\0004\000\040\000M\000a\000n\000f\000a\000a\000t\000\040\000P\000e\000n\000e\000l\000i\000t\000i\000a\000n}{chapter.1}% 18
\BOOKMARK [1][-]{section.1.5}{\376\377\0001\000.\0005\000\040\000R\000u\000a\000n\000g\000\040\000L\000i\000n\000g\000k\000u\000p\000\040\000P\000e\000n\000e\000l\000i\000t\000i\000a\000n}{chapter.1}% 19
\BOOKMARK [0][-]{chapter.2}{\376\377\0002\000\040\000L\000a\000n\000d\000a\000s\000a\000n\000\040\000T\000e\000o\000r\000i}{}% 20
\BOOKMARK [1][-]{section.2.1}{\376\377\0002\000.\0001\000\040\000A\000n\000a\000l\000i\000s\000i\000s\000\040\000S\000e\000n\000t\000i\000m\000e\000n}{chapter.2}% 21
\BOOKMARK [1][-]{section.2.2}{\376\377\0002\000.\0002\000\040\000P\000e\000n\000d\000e\000t\000e\000k\000s\000i\000a\000n\000\040\000T\000o\000p\000i\000k}{chapter.2}% 22
\BOOKMARK [1][-]{section.2.3}{\376\377\0002\000.\0003\000\040\000N\000e\000u\000r\000a\000l\000\040\000N\000e\000t\000w\000o\000r\000k}{chapter.2}% 23
\BOOKMARK [2][-]{subsection.2.3.1}{\376\377\0002\000.\0003\000.\0001\000\040\000F\000u\000n\000g\000s\000i\000\040\000A\000k\000t\000i\000v\000a\000s\000i}{section.2.3}% 24
\BOOKMARK [3][-]{subsubsection.2.3.1.1}{\376\377\0002\000.\0003\000.\0001\000.\0001\000\040\000S\000o\000f\000t\000m\000a\000x}{subsection.2.3.1}% 25
\BOOKMARK [3][-]{subsubsection.2.3.1.2}{\376\377\0002\000.\0003\000.\0001\000.\0002\000\040\000R\000e\000c\000t\000i\000f\000i\000e\000d\000\040\000L\000i\000n\000e\000a\000r\000\040\000U\000n\000i\000t\000\040\000\050\000R\000e\000L\000U\000\051}{subsection.2.3.1}% 26
\BOOKMARK [3][-]{subsubsection.2.3.1.3}{\376\377\0002\000.\0003\000.\0001\000.\0003\000\040\000G\000a\000u\000s\000s\000i\000a\000n\000\040\000E\000r\000r\000o\000r\000\040\000L\000i\000n\000e\000a\000r\000\040\000U\000n\000i\000t\000\040\000\050\000G\000E\000L\000U\000\051}{subsection.2.3.1}% 27
\BOOKMARK [2][-]{subsection.2.3.2}{\376\377\0002\000.\0003\000.\0002\000\040\000F\000u\000n\000g\000s\000i\000\040\000L\000o\000s\000s}{section.2.3}% 28
\BOOKMARK [2][-]{subsection.2.3.3}{\376\377\0002\000.\0003\000.\0003\000\040\000B\000a\000c\000k\000p\000r\000o\000p\000a\000g\000a\000t\000i\000o\000n}{section.2.3}% 29
\BOOKMARK [2][-]{subsection.2.3.4}{\376\377\0002\000.\0003\000.\0004\000\040\000T\000e\000k\000n\000i\000k\000\040\000O\000p\000t\000i\000m\000a\000s\000i}{section.2.3}% 30
\BOOKMARK [3][-]{subsubsection.2.3.4.1}{\376\377\0002\000.\0003\000.\0004\000.\0001\000\040\000S\000t\000o\000c\000h\000a\000s\000t\000i\000c\000\040\000G\000r\000a\000d\000i\000e\000n\000t\000\040\000D\000e\000s\000c\000e\000n\000t\000\040\000\050\000S\000G\000D\000\051}{subsection.2.3.4}% 31
\BOOKMARK [3][-]{subsubsection.2.3.4.2}{\376\377\0002\000.\0003\000.\0004\000.\0002\000\040\000A\000d\000a\000p\000t\000i\000v\000e\000\040\000M\000o\000m\000e\000n\000t\000\040\000E\000s\000t\000i\000m\000a\000t\000i\000o\000n\000\040\000\050\000A\000d\000a\000m\000\051}{subsection.2.3.4}% 32
\BOOKMARK [2][-]{subsection.2.3.5}{\376\377\0002\000.\0003\000.\0005\000\040\000R\000e\000g\000u\000l\000a\000r\000i\000s\000a\000s\000i}{section.2.3}% 33
\BOOKMARK [2][-]{subsection.2.3.6}{\376\377\0002\000.\0003\000.\0006\000\040\000M\000e\000t\000r\000i\000k\000\040\000E\000v\000a\000l\000u\000a\000s\000i}{section.2.3}% 34
\BOOKMARK [3][-]{subsubsection.2.3.6.1}{\376\377\0002\000.\0003\000.\0006\000.\0001\000\040\000M\000e\000t\000r\000i\000k\000\040\000E\000v\000a\000l\000u\000a\000s\000i\000\040\000K\000l\000a\000s\000i\000f\000i\000k\000a\000s\000i}{subsection.2.3.6}% 35
\BOOKMARK [3][-]{subsubsection.2.3.6.2}{\376\377\0002\000.\0003\000.\0006\000.\0002\000\040\000M\000e\000t\000r\000i\000k\000\040\000E\000v\000a\000l\000u\000a\000s\000i\000\040\000T\000o\000p\000i\000k}{subsection.2.3.6}% 36
\BOOKMARK [1][-]{section.2.4}{\376\377\0002\000.\0004\000\040\000A\000u\000t\000o\000e\000n\000c\000o\000d\000e\000r}{chapter.2}% 37
\BOOKMARK [2][-]{subsection.2.4.1}{\376\377\0002\000.\0004\000.\0001\000\040\000E\000n\000c\000o\000d\000e\000r\000\040\000d\000a\000n\000\040\000D\000e\000c\000o\000d\000e\000r}{section.2.4}% 38
\BOOKMARK [2][-]{subsection.2.4.2}{\376\377\0002\000.\0004\000.\0002\000\040\000F\000u\000n\000g\000s\000i\000\040\000O\000b\000j\000e\000k\000t\000i\000f}{section.2.4}% 39
\BOOKMARK [1][-]{section.2.5}{\376\377\0002\000.\0005\000\040\000B\000i\000d\000i\000r\000e\000c\000t\000i\000o\000n\000a\000l\000\040\000E\000n\000c\000o\000d\000e\000r\000\040\000R\000e\000p\000r\000e\000s\000e\000n\000t\000a\000t\000i\000o\000n\000s\000\040\000f\000r\000o\000m\000\040\000T\000r\000a\000n\000s\000f\000o\000r\000m\000e\000r\000s\000\040\000\050\000B\000E\000R\000T\000\051}{chapter.2}% 40
\BOOKMARK [2][-]{subsection.2.5.1}{\376\377\0002\000.\0005\000.\0001\000\040\000R\000e\000p\000r\000e\000s\000e\000n\000t\000a\000s\000i\000\040\000I\000n\000p\000u\000t\000\040\000B\000E\000R\000T}{section.2.5}% 41
\BOOKMARK [2][-]{subsection.2.5.2}{\376\377\0002\000.\0005\000.\0002\000\040\000A\000r\000s\000i\000t\000e\000k\000t\000u\000r\000\040\000B\000E\000R\000T}{section.2.5}% 42
\BOOKMARK [2][-]{subsection.2.5.3}{\376\377\0002\000.\0005\000.\0003\000\040\000M\000e\000k\000a\000n\000i\000s\000m\000e\000\040\000S\000e\000l\000f\000-\000A\000t\000t\000e\000n\000t\000i\000o\000n}{section.2.5}% 43
\BOOKMARK [2][-]{subsection.2.5.4}{\376\377\0002\000.\0005\000.\0004\000\040\000E\000k\000s\000t\000r\000a\000k\000s\000i\000\040\000F\000i\000t\000u\000r\000\040\000d\000a\000r\000i\000\040\000T\000o\000k\000e\000n\000\040\000[\000C\000L\000S\000]}{section.2.5}% 44
\BOOKMARK [1][-]{section.2.6}{\376\377\0002\000.\0006\000\040\000M\000u\000l\000t\000i\000-\000T\000a\000s\000k\000\040\000L\000e\000a\000r\000n\000i\000n\000g}{chapter.2}% 45
\BOOKMARK [2][-]{subsection.2.6.1}{\376\377\0002\000.\0006\000.\0001\000\040\000F\000o\000r\000m\000u\000l\000a\000s\000i\000\040\000M\000T\000L}{section.2.6}% 46
\BOOKMARK [2][-]{subsection.2.6.2}{\376\377\0002\000.\0006\000.\0002\000\040\000H\000a\000r\000d\000\040\000P\000a\000r\000a\000m\000e\000t\000e\000r\000\040\000S\000h\000a\000r\000i\000n\000g}{section.2.6}% 47
\BOOKMARK [2][-]{subsection.2.6.3}{\376\377\0002\000.\0006\000.\0003\000\040\000S\000o\000f\000t\000\040\000P\000a\000r\000a\000m\000e\000t\000e\000r\000\040\000S\000h\000a\000r\000i\000n\000g}{section.2.6}% 48
\BOOKMARK [1][-]{section.2.7}{\376\377\0002\000.\0007\000\040\000C\000l\000u\000s\000t\000e\000r\000i\000n\000g}{chapter.2}% 49
\BOOKMARK [2][-]{subsection.2.7.1}{\376\377\0002\000.\0007\000.\0001\000\040\000K\000-\000M\000e\000a\000n\000s\000\040\000C\000l\000u\000s\000t\000e\000r\000i\000n\000g}{section.2.7}% 50
\BOOKMARK [1][-]{section.2.8}{\376\377\0002\000.\0008\000\040\000I\000n\000t\000e\000r\000p\000r\000e\000t\000a\000b\000i\000l\000i\000t\000a\000s\000\040\000M\000o\000d\000e\000l\000\040\000D\000e\000e\000p\000\040\000L\000e\000a\000r\000n\000i\000n\000g}{chapter.2}% 51
\BOOKMARK [2][-]{subsection.2.8.1}{\376\377\0002\000.\0008\000.\0001\000\040\000O\000c\000c\000l\000u\000s\000i\000o\000n\000-\000b\000a\000s\000e\000d\000\040\000T\000o\000k\000e\000n\000\040\000A\000t\000t\000r\000i\000b\000u\000t\000i\000o\000n}{section.2.8}% 52
\BOOKMARK [2][-]{subsection.2.8.2}{\376\377\0002\000.\0008\000.\0002\000\040\000I\000n\000t\000e\000g\000r\000a\000t\000e\000d\000\040\000G\000r\000a\000d\000i\000e\000n\000t\000s}{section.2.8}% 53
\BOOKMARK [0][-]{chapter.3}{\376\377\0003\000\040\000M\000E\000T\000O\000D\000E\000\040\000M\000O\000D\000E\000L\000\040\000J\000O\000I\000N\000T\000\040\000D\000O\000C\000U\000M\000E\000N\000T\000-\000L\000E\000V\000E\000L\000\040\000S\000E\000N\000T\000I\000M\000E\000N\000T\000-\000T\000O\000P\000I\000C\000\040\000\050\000J\000D\000S\000T\000\051\000\040\000B\000E\000R\000B\000A\000S\000I\000S\000\040\000D\000E\000E\000P\000\040\000E\000M\000B\000E\000D\000D\000E\000D\000\040\000C\000L\000U\000S\000T\000E\000R\000I\000N\000G\000\040\000U\000N\000T\000U\000K\000\040\000A\000N\000A\000L\000I\000S\000I\000S\000\040\000S\000E\000N\000T\000I\000M\000E\000N}{}% 54
\BOOKMARK [1][-]{section.3.1}{\376\377\0003\000.\0001\000\040\000B\000i\000d\000i\000r\000e\000c\000t\000i\000o\000n\000a\000l\000\040\000E\000n\000c\000o\000d\000e\000r\000\040\000R\000e\000p\000r\000e\000s\000e\000n\000t\000a\000t\000i\000o\000n\000s\000\040\000f\000r\000o\000m\000\040\000T\000r\000a\000n\000s\000f\000o\000r\000m\000e\000r\000s\000\040\000\050\000B\000E\000R\000T\000\051\000\040\000S\000e\000b\000a\000g\000a\000i\000\040\000M\000o\000d\000e\000l\000\040\000R\000e\000p\000r\000e\000s\000e\000n\000t\000a\000s\000i\000\040\000T\000e\000k\000s}{chapter.3}% 55
\BOOKMARK [1][-]{section.3.2}{\376\377\0003\000.\0002\000\040\000S\000h\000a\000r\000e\000d\000\040\000E\000n\000c\000o\000d\000e\000r}{chapter.3}% 56
\BOOKMARK [1][-]{section.3.3}{\376\377\0003\000.\0003\000\040\000D\000e\000e\000p\000\040\000E\000m\000b\000e\000d\000d\000e\000d\000\040\000C\000l\000u\000s\000t\000e\000r\000i\000n\000g\000\040\000\050\000D\000E\000C\000\051}{chapter.3}% 57
\BOOKMARK [2][-]{subsection.3.3.1}{\376\377\0003\000.\0003\000.\0001\000\040\000I\000n\000i\000s\000i\000a\000l\000i\000s\000a\000s\000i\000\040\000C\000e\000n\000t\000r\000o\000i\000d}{section.3.3}% 58
\BOOKMARK [2][-]{subsection.3.3.2}{\376\377\0003\000.\0003\000.\0002\000\040\000P\000e\000r\000h\000i\000t\000u\000n\000g\000a\000n\000\040\000S\000o\000f\000t\000\040\000A\000s\000s\000i\000g\000n\000m\000e\000n\000t}{section.3.3}% 59
\BOOKMARK [2][-]{subsection.3.3.3}{\376\377\0003\000.\0003\000.\0003\000\040\000P\000e\000m\000b\000e\000n\000t\000u\000k\000a\000n\000\040\000D\000i\000s\000t\000r\000i\000b\000u\000s\000i\000\040\000T\000a\000r\000g\000e\000t}{section.3.3}% 60
\BOOKMARK [2][-]{subsection.3.3.4}{\376\377\0003\000.\0003\000.\0004\000\040\000O\000p\000t\000i\000m\000a\000s\000i}{section.3.3}% 61
\BOOKMARK [2][-]{subsection.3.3.5}{\376\377\0003\000.\0003\000.\0005\000\040\000K\000r\000i\000t\000e\000r\000i\000a\000\040\000K\000o\000n\000v\000e\000r\000g\000e\000n\000s\000i}{section.3.3}% 62
\BOOKMARK [1][-]{section.3.4}{\376\377\0003\000.\0004\000\040\000P\000e\000l\000a\000t\000i\000h\000a\000n\000\040\000M\000u\000l\000t\000i\000t\000a\000s\000k\000:\000\040\000J\000D\000S\000T\000-\000D\000E\000C}{chapter.3}% 63
\BOOKMARK [2][-]{subsection.3.4.1}{\376\377\0003\000.\0004\000.\0001\000\040\000C\000l\000u\000s\000t\000e\000r\000i\000n\000g\000\040\000H\000e\000a\000d}{section.3.4}% 64
\BOOKMARK [2][-]{subsection.3.4.2}{\376\377\0003\000.\0004\000.\0002\000\040\000A\000n\000a\000l\000i\000s\000i\000s\000\040\000S\000e\000n\000t\000i\000m\000e\000n\000\040\000M\000e\000n\000g\000g\000u\000n\000a\000k\000a\000n\000\040\000S\000e\000n\000t\000i\000m\000e\000n\000t\000\040\000H\000e\000a\000d}{section.3.4}% 65
\BOOKMARK [2][-]{subsection.3.4.3}{\376\377\0003\000.\0004\000.\0003\000\040\000P\000e\000l\000a\000t\000i\000h\000a\000n\000\040\000J\000o\000i\000n\000t\000\040\000d\000e\000n\000g\000a\000n\000\040\000M\000u\000l\000t\000i\000t\000a\000s\000k\000\040\000L\000o\000s\000s}{section.3.4}% 66
\BOOKMARK [2][-]{subsection.3.4.4}{\376\377\0003\000.\0004\000.\0004\000\040\000A\000l\000g\000o\000r\000i\000t\000m\000a\000\040\000J\000D\000S\000T\000-\000D\000E\000C}{section.3.4}% 67
\BOOKMARK [1][-]{section.3.5}{\376\377\0003\000.\0005\000\040\000I\000n\000t\000e\000r\000p\000r\000e\000t\000a\000s\000i\000\040\000M\000o\000d\000e\000l\000\040\000d\000e\000n\000g\000a\000n\000\040\000A\000n\000a\000l\000i\000s\000i\000s\000\040\000A\000t\000r\000i\000b\000u\000s\000i\000\040\000T\000o\000k\000e\000n}{chapter.3}% 68
\BOOKMARK [0][-]{chapter.4}{\376\377\0004\000\040\000H\000A\000S\000I\000L\000\040\000D\000A\000N\000\040\000S\000I\000M\000U\000L\000A\000S\000I\000\040\000D\000A\000N\000\040\000P\000E\000M\000B\000A\000H\000A\000S\000A\000N}{}% 69
\BOOKMARK [1][-]{section.4.1}{\376\377\0004\000.\0001\000\040\000S\000p\000e\000s\000i\000f\000i\000k\000a\000s\000i\000\040\000M\000e\000s\000i\000n\000\040\000d\000a\000n\000\040\000P\000e\000r\000a\000n\000g\000k\000a\000t\000\040\000L\000u\000n\000a\000k}{chapter.4}% 70
\BOOKMARK [1][-]{section.4.2}{\376\377\0004\000.\0002\000\040\000T\000a\000h\000a\000p\000a\000n\000\040\000U\000m\000u\000m\000\040\000S\000i\000m\000u\000l\000a\000s\000i}{chapter.4}% 71
\BOOKMARK [1][-]{section.4.3}{\376\377\0004\000.\0003\000\040\000D\000a\000t\000a}{chapter.4}% 72
\BOOKMARK [2][-]{subsection.4.3.1}{\376\377\0004\000.\0003\000.\0001\000\040\000P\000e\000n\000g\000u\000m\000p\000u\000l\000a\000n\000\040\000D\000a\000t\000a}{section.4.3}% 73
\BOOKMARK [2][-]{subsection.4.3.2}{\376\377\0004\000.\0003\000.\0002\000\040\000P\000r\000a\000p\000e\000n\000g\000o\000l\000a\000h\000a\000n\000\040\000D\000a\000t\000a}{section.4.3}% 74
\BOOKMARK [2][-]{subsection.4.3.3}{\376\377\0004\000.\0003\000.\0003\000\040\000R\000e\000p\000r\000e\000s\000e\000n\000t\000a\000s\000i\000\040\000T\000e\000k\000s}{section.4.3}% 75
\BOOKMARK [2][-]{subsection.4.3.4}{\376\377\0004\000.\0003\000.\0004\000\040\000P\000e\000m\000b\000a\000g\000i\000a\000n\000\040\000D\000a\000t\000a}{section.4.3}% 76
\BOOKMARK [1][-]{section.4.4}{\376\377\0004\000.\0004\000\040\000I\000m\000p\000l\000e\000m\000e\000n\000t\000a\000s\000i\000\040\000M\000o\000d\000e\000l}{chapter.4}% 77
\BOOKMARK [2][-]{subsection.4.4.1}{\376\377\0004\000.\0004\000.\0001\000\040\000K\000o\000n\000f\000i\000g\000u\000r\000a\000s\000i\000\040\000J\000D\000S\000T\000-\000D\000E\000C}{section.4.4}% 78
\BOOKMARK [2][-]{subsection.4.4.2}{\376\377\0004\000.\0004\000.\0002\000\040\000K\000o\000n\000f\000i\000g\000u\000r\000a\000s\000i\000\040\000J\000o\000i\000n\000t\000\040\000T\000r\000a\000i\000n\000i\000n\000g}{section.4.4}% 79
\BOOKMARK [2][-]{subsection.4.4.3}{\376\377\0004\000.\0004\000.\0003\000\040\000K\000o\000n\000f\000i\000g\000u\000r\000a\000s\000i\000\040\000M\000o\000d\000e\000l\000\040\000P\000e\000m\000b\000a\000n\000d\000i\000n\000g}{section.4.4}% 80
\BOOKMARK [3][-]{subsubsection.4.4.3.1}{\376\377\0004\000.\0004\000.\0003\000.\0001\000\040\000N\000N\000-\000B\000E\000R\000T}{subsection.4.4.3}% 81
\BOOKMARK [3][-]{subsubsection.4.4.3.2}{\376\377\0004\000.\0004\000.\0003\000.\0002\000\040\000B\000E\000R\000T\000o\000p\000i\000c}{subsection.4.4.3}% 82
\BOOKMARK [3][-]{subsubsection.4.4.3.3}{\376\377\0004\000.\0004\000.\0003\000.\0003\000\040\000M\000T\000L\000-\000G\000U\000I}{subsection.4.4.3}% 83
\BOOKMARK [1][-]{section.4.5}{\376\377\0004\000.\0005\000\040\000A\000n\000a\000l\000i\000s\000i\000s\000\040\000K\000i\000n\000e\000r\000j\000a\000\040\000M\000o\000d\000e\000l}{chapter.4}% 84
\BOOKMARK [2][-]{subsection.4.5.1}{\376\377\0004\000.\0005\000.\0001\000\040\000A\000n\000a\000l\000i\000s\000i\000s\000\040\000K\000i\000n\000e\000r\000j\000a\000\040\000P\000r\000a\000-\000p\000e\000l\000a\000t\000i\000h\000a\000n}{section.4.5}% 85
\BOOKMARK [2][-]{subsection.4.5.2}{\376\377\0004\000.\0005\000.\0002\000\040\000A\000n\000a\000l\000i\000s\000i\000s\000\040\000K\000i\000n\000e\000r\000j\000a\000\040\000J\000o\000i\000n\000t\000\040\000T\000r\000a\000i\000n\000i\000n\000g}{section.4.5}% 86
\BOOKMARK [3][-]{subsubsection.4.5.2.1}{\376\377\0004\000.\0005\000.\0002\000.\0001\000\040\000K\000l\000a\000s\000i\000f\000i\000k\000a\000s\000i\000\040\000S\000e\000n\000t\000i\000m\000e\000n}{subsection.4.5.2}% 87
\BOOKMARK [3][-]{subsubsection.4.5.2.2}{\376\377\0004\000.\0005\000.\0002\000.\0002\000\040\000P\000e\000m\000o\000d\000e\000l\000a\000n\000\040\000T\000o\000p\000i\000k}{subsection.4.5.2}% 88
\BOOKMARK [2][-]{subsection.4.5.3}{\376\377\0004\000.\0005\000.\0003\000\040\000A\000n\000a\000l\000i\000s\000i\000s\000\040\000M\000u\000l\000t\000i\000l\000o\000s\000s}{section.4.5}% 89
\BOOKMARK [3][-]{subsubsection.4.5.3.1}{\376\377\0004\000.\0005\000.\0003\000.\0001\000\040\000D\000i\000n\000a\000m\000i\000k\000a\000\040\000p\000a\000d\000a\000\040\000D\000a\000t\000a\000\040\000E\000k\000s\000p\000e\000r\000i\000m\000e\000n}{subsection.4.5.3}% 90
\BOOKMARK [3][-]{subsubsection.4.5.3.2}{\376\377\0004\000.\0005\000.\0003\000.\0002\000\040\000E\000k\000s\000p\000e\000r\000i\000m\000e\000n\000\040\000D\000a\000t\000a\000s\000e\000t\000\040\000K\000e\000c\000i\000l}{subsection.4.5.3}% 91
\BOOKMARK [1][-]{section.4.6}{\376\377\0004\000.\0006\000\040\000A\000n\000a\000l\000i\000s\000i\000s\000\040\000I\000n\000t\000e\000r\000p\000r\000e\000t\000a\000b\000i\000l\000i\000t\000a\000s\000\040\000M\000o\000d\000e\000l}{chapter.4}% 92
\BOOKMARK [0][-]{chapter.5}{\376\377\0005\000\040\000P\000e\000n\000u\000t\000u\000p}{}% 93
\BOOKMARK [1][-]{section.5.1}{\376\377\0005\000.\0001\000\040\000K\000e\000s\000i\000m\000p\000u\000l\000a\000n}{chapter.5}% 94
\BOOKMARK [1][-]{section.5.2}{\376\377\0005\000.\0002\000\040\000S\000a\000r\000a\000n}{chapter.5}% 95
\BOOKMARK [0][-]{section*.61}{\376\377\000L\000A\000M\000P\000I\000R\000A\000N}{}% 96
